\addplot[domain=-1.3670004639531117:1.1718908949340199, samples=200]{10*x^4 - 20*x^2 - 5*x/2 + 10};
\addplot[domain=-2:-1.3670004639531117, red]{-50*x - 57.3862942128098};
\addplot[domain=1.1718908949340199:3, olive]{15.0*x - 19.1143506923016};
\addplot[domain=-2.25:-2, red, dashed]{-50*x - 57.3862942128098};
\addplot[domain=3:3.25, olive, dashed]{15.0*x - 19.1143506923016};
\draw[->, thick] 
(axis cs:-2,42.61370578719017) -- node[at end, right]{$\infty$} 
(axis cs:-2,80);
\draw[->, thick] 
(axis cs:3,25.885649307698415) -- node[at end, left]{$\infty$} 
(axis cs:3,80);

\draw[<->, thick]
(axis cs:0,0) -- node[left, blue]{\small $E_b$}
(axis cs:0,10);
\draw[dashed]
(axis cs:-1.1,-2.5) -- node{} 
(axis cs:1.2,-2.5);
\draw[dashed]
(axis cs:-0.85,2.5) -- node{} 
(axis cs:-1.1,2.5);
\draw[<->, thick]
(axis cs:-1,2.5) -- node[left, blue]{\small $\Delta E$}
(axis cs:-1,-2.5);
\node at (axis cs:0,9)[above] {\small $U_0(x)$};
\draw[<->, thick]
(axis cs:-2,-4) -- node[below]{\small $x_{\min}$}
(axis cs:0,-4);
\draw[<->, thick]
(axis cs:0,-4) -- node[below]{\small $x_{\max}$}
(axis cs:3,-4);
