\addplot[domain=-1.3670004639531117:1.3935088745328692, samples=200]{10*x^4 - 20*x^2 - 5*x/2 + 10};
\addplot[domain=-2:-1.3670004639531117, red]{-50*x - 57.3862942128098};
\addplot[domain=1.3935088745328692:3, red]{50*x - 64.2880817687504};
\addplot[domain=-2.25:-2, red, dashed]{-50*x - 57.3862942128098};
\addplot[domain=3:3.25, red, dashed]{50*x - 64.2880817687504};
\draw[->, thick] 
(axis cs:-2,42.61370578719017) -- node[at end, right]{$\infty$} 
(axis cs:-2,110);
\draw[->, thick] 
(axis cs:3,85.71191823124963) -- node[at end, left]{$\infty$} 
(axis cs:3,110);

\draw[<->, thick]
(axis cs:0,0) -- node[left, blue]{\small $E_b$}
(axis cs:0,10);
\draw[dashed]
(axis cs:-1.1,-2.5) -- node{} 
(axis cs:1.2,-2.5);
\draw[dashed]
(axis cs:-0.85,2.5) -- node{} 
(axis cs:-1.1,2.5);
\draw[<->, thick]
(axis cs:-1,2.5) -- node[left, blue]{\small $\Delta E$}
(axis cs:-1,-2.5);
\node at (axis cs:0,9)[above] {\small $U_0(x)$};
\draw[<->, thick]
(axis cs:-2,-4) -- node[below]{\small $x_{\min}$}
(axis cs:0,-4);
\draw[<->, thick]
(axis cs:0,-4) -- node[below]{\small $x_{\max}$}
(axis cs:3,-4);
